// Jest Snapshot v1, https://goo.gl/fbAQLP

exports[`renders correctly 1`] = `
<div>
  <div
    class="loading"
  >
    <p>
      Loading weather data...
    </p>
  </div>
</div>
`;
